Se han encontrado : 2 errores